node.exe : Warning: Route file "C:/Users/Kenneth/Desktop/PP 
Namias/Portfolio/src/routes/certifications.test.tsx" does not 
export a Route. This file will not be included in the route 
tree.
At line:1 char:1
+ & "C:\Program Files\nodejs/node.exe" "C:\Program 
Files\nodejs/node_mo ...
+ ~~~~~~~~~~~~~~~~~~~~~~~~~~~~~~~~~~~~~~~~~~~~~~~~~~~~~~~~~~~~
~~~~~~~~~
    + CategoryInfo          : NotSpecified: (Warning: Route . 
   ..the route tree.:String) [], RemoteException
    + FullyQualifiedErrorId : NativeCommandError
 

If this file is not intended to be a route, you can exclude 
it using one of these options:
  1. Rename the file to "C:\Users\Kenneth\Desktop\PP 
Namias\Portfolio\src\routes\-certifications.test.tsx" (prefix 
with "-")
  2. Use 'routeFileIgnorePattern' in your config to match 
this file

Current configuration:
  routeFileIgnorePrefix: "-"
  routeFileIgnorePattern: undefined
Warning: Route file "C:/Users/Kenneth/Desktop/PP 
Namias/Portfolio/src/routes/gallery.test.tsx" does not export 
a Route. This file will not be included in the route tree.

If this file is not intended to be a route, you can exclude 
it using one of these options:
  1. Rename the file to "C:\Users\Kenneth\Desktop\PP 
Namias\Portfolio\src\routes\-gallery.test.tsx" (prefix with 
"-")
  2. Use 'routeFileIgnorePattern' in your config to match 
this file

Current configuration:
  routeFileIgnorePrefix: "-"
  routeFileIgnorePattern: undefined
Warning: Route file "C:/Users/Kenneth/Desktop/PP 
Namias/Portfolio/src/routes/projects.test.tsx" does not 
export a Route. This file will not be included in the route 
tree.

If this file is not intended to be a route, you can exclude 
it using one of these options:
  1. Rename the file to "C:\Users\Kenneth\Desktop\PP 
Namias\Portfolio\src\routes\-projects.test.tsx" (prefix with 
"-")
  2. Use 'routeFileIgnorePattern' in your config to match 
this file

Current configuration:
  routeFileIgnorePrefix: "-"
  routeFileIgnorePattern: undefined
[36mvite v7.3.1 [32mbuilding client environment for production...[36m[39m
transforming...
[32mΓ£ô[39m 3919 modules transformed.
[33mnode_modules/.pnpm/pdfjs-dist@3.4.120/node_modules/pdfjs-
dist/build/pdf.js (1948:23): Use of eval in "node_modules/.pnp
m/pdfjs-dist@3.4.120/node_modules/pdfjs-dist/build/pdf.js" is 
strongly discouraged as it poses security risks and may cause 
issues with minification.[39m
rendering chunks...
computing gzip size...
[2mdist/[22m[32massets/me-HjYZq4C7.webp                                                          [39m[1m[2m     2.79 kB[22m[1m[22m
[2mdist/[22m[32mindex.html                                                                       [39m[1m[2m     5.78 kB[22m[1m[22m[2m Γöé gzip:   1.59 kB[22m
[2mdist/[22m[32massets/Jhon Keneth Namias (2)-C8QH8Eh8.webp                                      [39m[1m[2m     9.35 kB[22m[1m[22m
[2mdist/[22m[32massets/Random OJT Pic-B_aXHubx.webp                                              [39m[1m[2m    20.50 kB[22m[1m[22m
[2mdist/[22m[32massets/HackForGov 2025 (4)-BmTZ_6Ur.webp                                         [39m[1m[2m    21.57 kB[22m[1m[22m
[2mdist/[22m[32massets/Galaxy Animation-CF2ua_Dl.webp                                            [39m[1m[2m    22.47 kB[22m[1m[22m
[2mdist/[22m[32massets/HackForGov 2025 (5)-DdaC0Rxm.webp                                         [39m[1m[2m    23.22 kB[22m[1m[22m
[2mdist/[22m[32massets/ATM System-CaHVQQ0C.webp                                                  [39m[1m[2m    24.31 kB[22m[1m[22m
[2mdist/[22m[32massets/Java Rice-naU-ZBVR.webp                                                   [39m[1m[2m    28.10 kB[22m[1m[22m
[2mdist/[22m[32massets/me-B1-vjQMp.jpg                                                           [39m[1m[2m    30.56 kB[22m[1m[22m
[2mdist/[22m[32massets/HackForGov 2025 (6)-DGPc4tZZ.webp                                         [39m[1m[2m    31.39 kB[22m[1m[22m
[2mdist/[22m[32massets/Car Dealership Management Program-Bm8qCoMU.webp                           [39m[1m[2m    35.07 kB[22m[1m[22m
[2mdist/[22m[32massets/Deployment Static basic Website using Firebase-DqXCKv-H.webp              [39m[1m[2m    36.11 kB[22m[1m[22m
[2mdist/[22m[32massets/HackForGov 2025 (1)-B-RT3rGC.webp                                         [39m[1m[2m    36.62 kB[22m[1m[22m
[2mdist/[22m[32massets/MASH Team-CUPRTOfh.webp                                                   [39m[1m[2m    37.69 kB[22m[1m[22m
[2mdist/[22m[32massets/CS COUNCIL NAMIAS-DLTZRfXv.webp                                           [39m[1m[2m    43.43 kB[22m[1m[22m
[2mdist/[22m[32massets/Point of Sale-DSi8TXmq.webp                                               [39m[1m[2m    44.55 kB[22m[1m[22m
[2mdist/[22m[32massets/HackForGov 2025 (3)-vLWbcV2I.webp                                         [39m[1m[2m    45.62 kB[22m[1m[22m
[2mdist/[22m[32massets/Google User AUthentication-XB-huxaC.webp                                  [39m[1m[2m    46.72 kB[22m[1m[22m
[2mdist/[22m[32massets/Friend Group Pic 2025-CPo-zErB.webp                                       [39m[1m[2m    50.80 kB[22m[1m[22m
[2mdist/[22m[32massets/hackerrank-r-basic-BAaDNKNT.webp                                          [39m[1m[2m    51.16 kB[22m[1m[22m
[2mdist/[22m[32massets/hackerrank-csharp-basic-N7y1ak1Z.webp                                     [39m[1m[2m    51.34 kB[22m[1m[22m
[2mdist/[22m[32massets/hackerrank-sql-basic-Ba3r96Xh.webp                                        [39m[1m[2m    51.36 kB[22m[1m[22m
[2mdist/[22m[32massets/hackerrank-java-basic-CtpcfvSL.webp                                       [39m[1m[2m    51.42 kB[22m[1m[22m
[2mdist/[22m[32massets/hackerrank-css-basic-DVaozqxG.webp                                        [39m[1m[2m    51.50 kB[22m[1m[22m
[2mdist/[22m[32massets/hackerrank-angular-basic-jJnUFbdF.webp                                    [39m[1m[2m    51.61 kB[22m[1m[22m
[2mdist/[22m[32massets/hackerrank-react-basic-DH-10fN0.webp                                      [39m[1m[2m    51.63 kB[22m[1m[22m
[2mdist/[22m[32massets/hackerrank-software-engineer-BOmHKSjS.webp                                [39m[1m[2m    51.72 kB[22m[1m[22m
[2mdist/[22m[32massets/hackerrank-python-basic-CPYLh9dl.webp                                     [39m[1m[2m    51.80 kB[22m[1m[22m
[2mdist/[22m[32massets/hackerrank-javascript-basic-DT6DCExK.webp                                 [39m[1m[2m    51.82 kB[22m[1m[22m
[2mdist/[22m[32massets/hackerrank-nodejs-basic-BaKGdXdQ.webp                                     [39m[1m[2m    51.83 kB[22m[1m[22m
[2mdist/[22m[32massets/hackerrank-sql-advanced-B_85eQ5M.webp                                     [39m[1m[2m    51.86 kB[22m[1m[22m
[2mdist/[22m[32massets/hackerrank-angular-intermediate-BJkQjUuK.webp                             [39m[1m[2m    52.06 kB[22m[1m[22m
[2mdist/[22m[32massets/hackerrank-software-engineer-intern-DQ32kS_g.webp                         [39m[1m[2m    52.12 kB[22m[1m[22m
[2mdist/[22m[32massets/hackerrank-rest-api-intermediate-DEQ9odOb.webp                            [39m[1m[2m    52.18 kB[22m[1m[22m
[2mdist/[22m[32massets/hackerrank-frontend-developer-react-B-8FTqoi.webp                         [39m[1m[2m    52.34 kB[22m[1m[22m
[2mdist/[22m[32massets/hackerrank-nodejs-intermediate-BxDzXe-g.webp                              [39m[1m[2m    52.40 kB[22m[1m[22m
[2mdist/[22m[32massets/hackerrank-sql-intermediate-Ddcfe7XL.webp                                 [39m[1m[2m    52.41 kB[22m[1m[22m
[2mdist/[22m[32massets/hackerrank-javascript-intermediate-DYnTTt5t.webp                          [39m[1m[2m    52.42 kB[22m[1m[22m
[2mdist/[22m[32massets/hackerrank-problem-solving-basic-BAFsw3rV.webp                            [39m[1m[2m    52.44 kB[22m[1m[22m
[2mdist/[22m[32massets/hackerrank-problem-solving-intermediate-D3iO1Yh7.webp                     [39m[1m[2m    52.74 kB[22m[1m[22m
[2mdist/[22m[32massets/PP Namias Portfolio-ml7OhMoK.webp                                         [39m[1m[2m    53.55 kB[22m[1m[22m
[2mdist/[22m[32massets/Cybersecurity Fundamentals-AjmNLmw1.webp                                  [39m[1m[2m    55.39 kB[22m[1m[22m
[2mdist/[22m[32massets/UCC_Student_Portal-Cg5xdFt6.webp                                          [39m[1m[2m    57.19 kB[22m[1m[22m
[2mdist/[22m[32massets/How to Navigate the Database Universe-I1QQo9qZ.webp                       [39m[1m[2m    57.23 kB[22m[1m[22m
[2mdist/[22m[32massets/Google maps APIs and Camera Integration using React Native-BiK9DWEe.webp  [39m[1m[2m    57.75 kB[22m[1m[22m
[2mdist/[22m[32massets/HackForGov 2025 (2)-JsqodFCb.webp                                         [39m[1m[2m    58.78 kB[22m[1m[22m
[2mdist/[22m[32massets/UCC Login Portal-eboCfu8c.webp                                            [39m[1m[2m    59.16 kB[22m[1m[22m
[2mdist/[22m[32massets/Geist_wght_-DIb-KBs-.woff2                                                [39m[1m[2m    64.18 kB[22m[1m[22m
[2mdist/[22m[32massets/UCC Access Module-CoIwCTmS.webp                                           [39m[1m[2m    66.31 kB[22m[1m[22m
[2mdist/[22m[32massets/Dream PC setup-ClwpVlFl.webp                                              [39m[1m[2m    73.72 kB[22m[1m[22m
[2mdist/[22m[32massets/CSS3 Robot Web Art-BJhYUlNu.webp                                          [39m[1m[2m    75.17 kB[22m[1m[22m
[2mdist/[22m[32massets/Student Attendance Management System-DrxZgt-N.webp                        [39m[1m[2m    84.67 kB[22m[1m[22m
[2mdist/[22m[32massets/QR Code-CAlWUD5z.webp                                                     [39m[1m[2m    86.02 kB[22m[1m[22m
[2mdist/[22m[32massets/2nd Place Programming Compitition Certificate-DxBUJE1V.webp               [39m[1m[2m    90.12 kB[22m[1m[22m
[2mdist/[22m[32massets/Pre-enrollment Management System-C5zQ8vPI.webp                            [39m[1m[2m    91.05 kB[22m[1m[22m
[2mdist/[22m[32massets/HackForGov 2025 (5)-6f6ioqgA.jpeg                                         [39m[1m[2m   105.84 kB[22m[1m[22m
[2mdist/[22m[32massets/HackForGov 2025 (4)-DJIba9Eu.jpeg                                         [39m[1m[2m   108.60 kB[22m[1m[22m
[2mdist/[22m[32massets/Random OJT Pic-zK2_tOYd.jpg                                               [39m[1m[2m   149.44 kB[22m[1m[22m
[2mdist/[22m[32massets/Tourism-Case-Study-BMeY4k9O.webp                                          [39m[1m[2m   177.06 kB[22m[1m[22m
[2mdist/[22m[32massets/resume-BwAstL7p.pdf                                                       [39m[1m[2m   180.42 kB[22m[1m[22m
[2mdist/[22m[32massets/Short Clip Animation-DRLtj4K3.webp                                        [39m[1m[2m   183.29 kB[22m[1m[22m
[2mdist/[22m[32massets/Friend Group Pic 2025-C6DLLStN.jpg                                        [39m[1m[2m   184.41 kB[22m[1m[22m
[2mdist/[22m[32massets/HackForGov 2025 (3)-BhCUVS1j.jpeg                                         [39m[1m[2m   223.21 kB[22m[1m[22m
[2mdist/[22m[32massets/HackForGov 2025 (6)-BIj0d1r2.jpeg                                         [39m[1m[2m   258.06 kB[22m[1m[22m
[2mdist/[22m[32massets/profile-2Km2xmVG.webp                                                     [39m[1m[2m   281.05 kB[22m[1m[22m
[2mdist/[22m[32massets/HackForGov 2025 (1)-C-wTF_bz.jpeg                                         [39m[1m[2m   287.14 kB[22m[1m[22m
[2mdist/[22m[32massets/HackForGov 2025 (2)-C6eY05zT.jpeg                                         [39m[1m[2m   291.41 kB[22m[1m[22m
[2mdist/[22m[32massets/MASH Team-B1cyUtxu.jpeg                                                   [39m[1m[2m   305.42 kB[22m[1m[22m
[2mdist/[22m[32massets/Namias Profile White BG-sQVW95PX.webp                                     [39m[1m[2m   309.67 kB[22m[1m[22m
[2mdist/[22m[32massets/Jhon Keneth Namias (2)-DFdOewtw.jpg                                       [39m[1m[2m   357.22 kB[22m[1m[22m
[2mdist/[22m[32massets/Dream PC setup-BVUkoSI-.jpg                                               [39m[1m[2m 1,124.18 kB[22m[1m[22m
[2mdist/[22m[32massets/Birthday Picture 2024 (6)-DVoUYhSf.JPG                                    [39m[1m[2m 1,956.78 kB[22m[1m[22m
[2mdist/[22m[32massets/Birthday Picture 2024 (5)-D5vfJaop.JPG                                    [39m[1m[2m 2,352.62 kB[22m[1m[22m
[2mdist/[22m[32massets/Birthday Picture 2024 (2)-c9G5-lAI.JPG                                    [39m[1m[2m 2,357.83 kB[22m[1m[22m
[2mdist/[22m[32massets/Birthday Picture 2024 (7)-DsBSPUZJ.JPG                                    [39m[1m[2m 2,357.89 kB[22m[1m[22m
[2mdist/[22m[32massets/Birthday Picture 2024 (4)-B5_3nlPW.JPG                                    [39m[1m[2m 2,445.81 kB[22m[1m[22m
[2mdist/[22m[32massets/Birthday Picture 2024 (9)-t0IRJIXX.JPG                                    [39m[1m[2m 2,671.32 kB[22m[1m[22m
[2mdist/[22m[32massets/Birthday Picture 2024 (3)-B1NYu3nk.JPG                                    [39m[1m[2m 2,745.22 kB[22m[1m[22m
[2mdist/[22m[32massets/Birthday Picture 2024 (1)-CCPwgzA2.JPG                                    [39m[1m[2m 2,765.22 kB[22m[1m[22m
[2mdist/[22m[32massets/Birthday Picture 2024 (8)-DS7Ds6NB.JPG                                    [39m[1m[2m 3,133.02 kB[22m[1m[22m
[2mdist/[22m[32massets/Namias Profile White BG-CqBzAR5m.png                                      [39m[1m[2m29,454.15 kB[22m[1m[22m
[2mdist/[22m[35massets/index-DWOGFYvx.css                                                        [39m[1m[2m    15.60 kB[22m[1m[22m[2m Γöé gzip:   2.60 kB[22m
[2mdist/[22m[35massets/index-5ZNMOpYG.css                                                        [39m[1m[2m   278.47 kB[22m[1m[22m[2m Γöé gzip:  35.62 kB[22m
[2mdist/[22m[36massets/features-animation-MYN338JS.js                                            [39m[1m[2m     0.10 kB[22m[1m[22m[2m Γöé gzip:   0.11 kB[22m
[2mdist/[22m[36massets/src-UW24ZMRV-DDa3F_TS.js                                                  [39m[1m[2m     0.11 kB[22m[1m[22m[2m Γöé gzip:   0.12 kB[22m
[2mdist/[22m[36massets/index-DiSa0fwh.js                                                         [39m[1m[2m     0.11 kB[22m[1m[22m[2m Γöé gzip:   0.12 kB[22m
[2mdist/[22m[36massets/index-Rsxj-MQj.js                                                         [39m[1m[2m    50.98 kB[22m[1m[22m[2m Γöé gzip:  19.33 kB[22m
[2mdist/[22m[36massets/index-DrAG54o7.js                                                         [39m[1m[2m   394.96 kB[22m[1m[22m[2m Γöé gzip: 113.51 kB[22m
[2mdist/[22m[36massets/index-yWXK9g0p.js                                                         [39m[1m[33m 1,046.85 kB[39m[22m[2m Γöé gzip: 307.48 kB[22m
[33m
(!) Some chunks are larger than 500 kB after minification. 
Consider:
- Using dynamic import() to code-split the application
- Use build.rollupOptions.output.manualChunks to improve 
chunking: https://rollupjs.org/configuration-options/#output-m
anualchunks
- Adjust chunk size limit for this warning via 
build.chunkSizeWarningLimit.[39m
[32mΓ£ô built in 2m 3s[39m
